00:00.349  blend            | Read blend: "/Users/quanyukai/robodojo-blender-mvp/output_smooth/sweep_blocks_smooth.blend"
GATE {"name": "pickup", "frame": 65, "translation_m": 1.901808221109114e-07, "rotation_deg": 0.01366335675724102, "passed": true}
PHYSICS 100
GATE {"name": "handoff", "frame": 190, "translation_m": 5.171941996051527e-06, "rotation_deg": 0.0009030019620218658, "passed": true}
PHYSICS 200
GATE {"name": "pan_hold", "frame": 270, "translation_m": 3.550180786973025e-09, "rotation_deg": 0.0, "passed": true}
PHYSICS 300
PHYSICS 400
PHYSICS 500
PHYSICS 600
PHYSICS 700
PHYSICS 800
PHYSICS 900
PHYSICS 1000
AUDIT 100 events 0
AUDIT 200 events 0
AUDIT 300 events 0
AUDIT 400 events 0
AUDIT 500 events 0
AUDIT 600 events 0
AUDIT 700 events 0
AUDIT 800 events 0
AUDIT 900 events 0
AUDIT 1000 events 0
RESULT {"id": "seed_12", "seed": 12, "status": "completed", "termination_reason": "task_or_acceptance_failure", "qualified": false, "initialization_valid": true, "initialization_errors": [], "initial_bounds": {"broom": {"min": [-0.39713534116835025, -0.02967099454652547, 0.7649874358975135], "max": [-0.2226260044749642, 0.18614383566055462, 0.8021772841925228]}, "broom_shovel": {"min": [-0.27552086218035843, -0.19242970299417433, 0.7650257293134928], "max": [0.016451011593994203, 0.010899817662398892, 0.8130257297307253]}, "cube_0": {"min": [0.2804562187631986, -0.012199049920830984, 0.7650000285357237], "max": [0.3299200200597384, 0.03726475137570884, 0.8000000286847353]}, "cube_1": {"min": [0.1432352839866402, -0.1851108492454765, 0.7650000285357237], "max": [0.19180957685320354, -0.13653655637891315, 0.8000000286847353]}, "cube_2": {"min": [0.29392787386837815, -0.10147384981450225, 0.7650000285357237], "max": [0.3412328703218379, -0.05416885336104249, 0.8000000286847353]}}, "initial_poses": {"broom": [[0.06932687759399414, 0.623758852481842, 0.7785362601280212, -0.3145036995410919], [-0.08583301305770874, -0.7737903594970703, 0.6275996565818787, 0.07598525285720825], [0.993894636631012, -0.11033366620540619, -0.00010545387340243906, 0.7791908979415894], [0.0, 0.0, 0.0, 1.0]], "broom_shovel": [[-0.4136340618133545, -0.9104432463645935, 0.0, -0.14676696062088013], [0.9104432463645935, -0.4136340618133545, 0.0, -0.12601344287395477], [0.0, 0.0, 1.0, 0.7893000245094299], [0.0, 0.0, 0.0, 1.0]], "cube_0": [[0.732703685760498, -0.6805477738380432, 0.0, 0.3051881194114685], [0.6805477738380432, 0.732703685760498, 0.0, 0.012532850727438927], [0.0, 0.0, 1.0, 0.7825000286102295], [0.0, 0.0, 0.0, 1.0]], "cube_1": [[0.8298493027687073, -0.557987630367279, 0.0, 0.16752243041992188], [0.557987630367279, 0.8298493027687073, 0.0, -0.16082370281219482], [0.0, 0.0, 1.0, 0.7825000286102295], [0.0, 0.0, 0.0, 1.0]], "cube_2": [[0.8839052319526672, 0.4676660895347595, 0.0, 0.31758037209510803], [-0.4676660895347595, 0.8839052319526672, 0.0, -0.07782135158777237], [0.0, 0.0, 1.0, 0.7825000286102295], [0.0, 0.0, 0.0, 1.0]]}, "offsets_m": {"cube_0": [-0.0010171728524580766, 0.006298900106290212, 0.0], "cube_1": [0.006656418844993524, -0.01429598588298529, 0.0], "cube_2": [-0.01956558227639728, -0.005009820317465424, 0.0], "broom_driver": [0.0, 0.0, 0.0], "broom_shovel": [0.0, 0.0, 0.0]}, "executed_through_frame": 1000, "task_success": false, "first_success_frame": null, "conditions_at_termination": {"pan_left_of_broom": true, "pan_not_lifted": true, "pan_upright": true, "all_in_support_circle": false, "robots_home": true}, "grasp_gates": [{"name": "pickup", "frame": 65, "translation_m": 1.901808221109114e-07, "rotation_deg": 0.01366335675724102, "passed": true}, {"name": "handoff", "frame": 190, "translation_m": 5.171941996051527e-06, "rotation_deg": 0.0009030019620218658, "passed": true}, {"name": "pan_hold", "frame": 270, "translation_m": 3.550180786973025e-09, "rotation_deg": 0.0, "passed": true}], "collision_samples": 3997, "collision_events": 0, "full_episode_audited": true, "max_attachment_translation_error_m": 1.1408505495814198e-07, "pan_support": [{"cube": 0, "pan_below": true, "bottom_gap_m": -2.2172927856445312e-05}, {"cube": 1, "pan_below": false, "bottom_gap_m": null}, {"cube": 2, "pan_below": true, "bottom_gap_m": -6.592273712158203e-05}], "dynamic_cubes_without_animation": true, "urdf_position_limits_passed": true, "transfer_orientation": {"max_tilt_deg": 0.027976455118293345, "max_angular_speed_deg_s": 91.55710168542896}, "predicate_source_sha256": "eb928a05c3eb6bae429a922c59e64272c2c3851c22d779143d45627e47b3a504", "manifest_sha256": "295c804f749e73b68818f963adc585ad3d8c483b258e1ce75400e1f28d423c20", "blender_version": "5.2.1 LTS", "duration_s": 84.32154703140259, "limitations": ["Frozen open-loop replay, no scene-conditioned replanning", "Gated kinematic attachment, not force closure", "Sampled robot collision check, not continuous-time proof"]}
Blender 5.2.1 LTS (hash 9e2066aef7ef built 2026-08-25 01:35:57)

Blender quit
